// Jest Snapshot v1, https://goo.gl/fbAQLP

exports[`Conflict Manager Details Impact View should render Conflict detail info correctly 1`] = `
{
  "asFragment": [Function],
  "baseElement": <body>
    <div>
      <div
        class="ant-comment"
      >
        <div
          class="ant-comment-inner"
        >
          <div
            class="ant-comment-content"
          >
            <div
              class="ant-comment-content-author"
            >
              <span
                class="ant-comment-content-author-name"
              >
                Richard
              </span>
              <span
                class="ant-comment-content-author-time"
              >
                <span>
                  2/14/2022
                </span>
              </span>
            </div>
            <div
              class="ant-comment-content-detail"
            >
              <p>
                I think we can find a new resource for team. Please contact me for resource availability.
              </p>
            </div>
          </div>
        </div>
      </div>
      <div
        class="ant-comment"
      >
        <div
          class="ant-comment-inner"
        >
          <div
            class="ant-comment-content"
          >
            <div
              class="ant-comment-content-author"
            >
              <span
                class="ant-comment-content-author-name"
              >
                Terry
              </span>
              <span
                class="ant-comment-content-author-time"
              >
                <span>
                  5/21/2022
                </span>
              </span>
            </div>
            <div
              class="ant-comment-content-detail"
            >
              <p>
                We need to fix this issue asap otherwise we will not be able to complete this project on time
              </p>
            </div>
          </div>
        </div>
      </div>
      <div
        class="ant-comment"
      >
        <div
          class="ant-comment-inner"
        >
          <div
            class="ant-comment-content"
          >
            <div
              class="ant-comment-content-author"
            >
              <span
                class="ant-comment-content-author-name"
              >
                Bill Gates
              </span>
              <span
                class="ant-comment-content-author-time"
              >
                <span>
                  1/25/2022
                </span>
              </span>
            </div>
            <div
              class="ant-comment-content-detail"
            >
              <p>
                We need android resource to get this work done
              </p>
            </div>
          </div>
        </div>
      </div>
    </div>
  </body>,
  "container": <div>
    <div
      class="ant-comment"
    >
      <div
        class="ant-comment-inner"
      >
        <div
          class="ant-comment-content"
        >
          <div
            class="ant-comment-content-author"
          >
            <span
              class="ant-comment-content-author-name"
            >
              Richard
            </span>
            <span
              class="ant-comment-content-author-time"
            >
              <span>
                2/14/2022
              </span>
            </span>
          </div>
          <div
            class="ant-comment-content-detail"
          >
            <p>
              I think we can find a new resource for team. Please contact me for resource availability.
            </p>
          </div>
        </div>
      </div>
    </div>
    <div
      class="ant-comment"
    >
      <div
        class="ant-comment-inner"
      >
        <div
          class="ant-comment-content"
        >
          <div
            class="ant-comment-content-author"
          >
            <span
              class="ant-comment-content-author-name"
            >
              Terry
            </span>
            <span
              class="ant-comment-content-author-time"
            >
              <span>
                5/21/2022
              </span>
            </span>
          </div>
          <div
            class="ant-comment-content-detail"
          >
            <p>
              We need to fix this issue asap otherwise we will not be able to complete this project on time
            </p>
          </div>
        </div>
      </div>
    </div>
    <div
      class="ant-comment"
    >
      <div
        class="ant-comment-inner"
      >
        <div
          class="ant-comment-content"
        >
          <div
            class="ant-comment-content-author"
          >
            <span
              class="ant-comment-content-author-name"
            >
              Bill Gates
            </span>
            <span
              class="ant-comment-content-author-time"
            >
              <span>
                1/25/2022
              </span>
            </span>
          </div>
          <div
            class="ant-comment-content-detail"
          >
            <p>
              We need android resource to get this work done
            </p>
          </div>
        </div>
      </div>
    </div>
  </div>,
  "debug": [Function],
  "findAllByAltText": [Function],
  "findAllByDisplayValue": [Function],
  "findAllByLabelText": [Function],
  "findAllByPlaceholderText": [Function],
  "findAllByRole": [Function],
  "findAllByTestId": [Function],
  "findAllByText": [Function],
  "findAllByTitle": [Function],
  "findByAltText": [Function],
  "findByDisplayValue": [Function],
  "findByLabelText": [Function],
  "findByPlaceholderText": [Function],
  "findByRole": [Function],
  "findByTestId": [Function],
  "findByText": [Function],
  "findByTitle": [Function],
  "getAllByAltText": [Function],
  "getAllByDisplayValue": [Function],
  "getAllByLabelText": [Function],
  "getAllByPlaceholderText": [Function],
  "getAllByRole": [Function],
  "getAllByTestId": [Function],
  "getAllByText": [Function],
  "getAllByTitle": [Function],
  "getByAltText": [Function],
  "getByDisplayValue": [Function],
  "getByLabelText": [Function],
  "getByPlaceholderText": [Function],
  "getByRole": [Function],
  "getByTestId": [Function],
  "getByText": [Function],
  "getByTitle": [Function],
  "queryAllByAltText": [Function],
  "queryAllByDisplayValue": [Function],
  "queryAllByLabelText": [Function],
  "queryAllByPlaceholderText": [Function],
  "queryAllByRole": [Function],
  "queryAllByTestId": [Function],
  "queryAllByText": [Function],
  "queryAllByTitle": [Function],
  "queryByAltText": [Function],
  "queryByDisplayValue": [Function],
  "queryByLabelText": [Function],
  "queryByPlaceholderText": [Function],
  "queryByRole": [Function],
  "queryByTestId": [Function],
  "queryByText": [Function],
  "queryByTitle": [Function],
  "rerender": [Function],
  "unmount": [Function],
}
`;
